../Drivers/CMSIS/Include/core_cm4.h:1688:22:__NVIC_EnableIRQ	16	static
../Core/Src/modbus_slave.c:12:6:modbus_tx_buffer_init	8	static
../Core/Src/modbus_slave.c:31:6:modbus_rx_buffer_init	8	static
../Core/Src/modbus_slave.c:51:6:modbus_uart_init	8	static
../Core/Src/modbus_slave.c:79:6:modbus_timer_init	4	static
../Core/Src/modbus_slave.c:95:6:modbus_crc_init	4	static
../Core/Src/modbus_slave.c:103:10:modbus_crc_calculation	24	static
../Core/Src/modbus_slave.c:111:6:modbus_receive_start	16	static
../Core/Src/modbus_slave.c:119:6:modbus_receive_stop	4	static
../Core/Src/modbus_slave.c:124:6:modbus_transmite_start	16	static
../Core/Src/modbus_slave.c:136:6:modbus_transmite_stop	4	static
../Core/Src/modbus_slave.c:143:6:modbus_init	16	static
../Core/Src/modbus_slave.c:154:9:modbus_read_holding_register_response	32	static
../Core/Src/modbus_slave.c:177:9:modbus_read_input_register_response	32	static
../Core/Src/modbus_slave.c:197:9:modbus_write_multiple_registers_response	32	static
../Core/Src/modbus_slave.c:214:7:modbus_read_holding_register_request	32	static
../Core/Src/modbus_slave.c:228:7:modbus_read_input_register_request	32	static
../Core/Src/modbus_slave.c:242:7:modbus_write_single_register_request	32	static
../Core/Src/modbus_slave.c:253:7:modbus_write_multiple_registers_request	32	static
../Core/Src/modbus_slave.c:270:9:modbus_error_response	24	static
../Core/Src/modbus_slave.c:283:14:modbus_idle_handler	24	static
../Core/Src/modbus_slave.c:292:14:modbus_check_reqest_handler	24	static
../Core/Src/modbus_slave.c:319:14:modbus_reqest_processing_handler	72	static
../Core/Src/modbus_slave.c:400:14:modbus_reply_handler	24	static
../Core/Src/modbus_slave.c:410:6:modbus_handler	24	static
../Core/Src/modbus_slave.c:436:6:USART1_IRQHandler	8	static
../Core/Src/modbus_slave.c:447:6:DMA1_Channel2_IRQHandler	8	static
../Core/Src/modbus_slave.c:456:6:DMA1_Channel5_IRQHandler	4	static
